[32m2026-05-23 22:16:27 -0400[0m - dagster - [34mDEBUG[0m - __ASSET_JOB - f9533c0f-d830-4214-b94b-91aa28b24b53 - 46682 - LOGS_CAPTURED - Capturing logs for process (pid: 46682).
[32m2026-05-23 22:16:27 -0400[0m - dagster - [34mDEBUG[0m - __ASSET_JOB - f9533c0f-d830-4214-b94b-91aa28b24b53 - 46682 - quality_checks - STEP_START - Started execution of step "quality_checks".
[32m2026-05-23 22:16:42 -0400[0m - dagster - [34mINFO[0m - __ASSET_JOB - f9533c0f-d830-4214-b94b-91aa28b24b53 - quality_checks - :: loading settings :: url = jar:file:/Users/janvichitroda/Documents/Janvi/NEU/Kaizen/Data_Engineering_Portfolio/kafka-spark-streaming-pipeline/.venv/lib/python3.11/site-packages/pyspark/jars/ivy-2.5.1.jar!/org/apache/ivy/core/settings/ivysettings.xml
# Data Quality Report

**Generated:** 2026-05-23 22:16:27

---

**Tables checked:** vwap_1min (198 rows), vwap_5min (51 rows)

---

## Validation Results

| # | Check | Table | Result | Details |
|---|-------|-------|--------|---------|
| 1 | No null VWAPs | Both | ✅ PASS | 1min: 0 nulls, 5min: 0 nulls |
| 2 | VWAP in range ($1-$2000) | Both | ✅ PASS | 0 out-of-range rows |
| 3 | Buy pressure 0-100% | Both | ✅ PASS | 0 invalid rows |
| 4 | Volume positive | Both | ✅ PASS | 0 non-positive rows |
| 5 | All 25 tickers present | 5min | ✅ PASS | All 25 present |
| 6 | Window duration = 60s | 1min | ✅ PASS | 0 incorrect windows |
| 7 | High >= Low | Both | ✅ PASS | 0 violations |

## Summary

**7/7 checks passed.**

✅ **ALL CHECKS PASSED — Data quality verified. Safe to load to Snowflake.**

---

*Report generated by `data_quality_checks.py` at 2026-05-23T22:16:41.552429*

Report saved to: /Users/janvichitroda/Documents/Janvi/NEU/Kaizen/Data_Engineering_Portfolio/kafka-spark-streaming-pipeline/docs/data_quality_report.md

[32m2026-05-23 22:16:42 -0400[0m - dagster - [34mDEBUG[0m - __ASSET_JOB - f9533c0f-d830-4214-b94b-91aa28b24b53 - 46682 - quality_checks - STEP_OUTPUT - Yielded output "result" of type "dict". (Type check passed).
[32m2026-05-23 22:16:42 -0400[0m - dagster - [34mDEBUG[0m - __ASSET_JOB - f9533c0f-d830-4214-b94b-91aa28b24b53 - quality_checks - Writing file at: /Users/janvichitroda/Documents/Janvi/NEU/Kaizen/Data_Engineering_Portfolio/kafka-spark-streaming-pipeline/.tmp_dagster_home_w8gw_0se/storage/quality_checks using PickledObjectFilesystemIOManager...
[32m2026-05-23 22:16:42 -0400[0m - dagster - [34mDEBUG[0m - __ASSET_JOB - f9533c0f-d830-4214-b94b-91aa28b24b53 - 46682 - quality_checks - ASSET_MATERIALIZATION - Materialized value quality_checks.
[32m2026-05-23 22:16:42 -0400[0m - dagster - [34mDEBUG[0m - __ASSET_JOB - f9533c0f-d830-4214-b94b-91aa28b24b53 - 46682 - quality_checks - HANDLED_OUTPUT - Handled output "result" using IO manager "io_manager"
[32m2026-05-23 22:16:42 -0400[0m - dagster - [34mDEBUG[0m - __ASSET_JOB - f9533c0f-d830-4214-b94b-91aa28b24b53 - 46682 - quality_checks - STEP_SUCCESS - Finished execution of step "quality_checks" in 15.17s.
